 (1791045184.355034)  vcan0  558   [4]  00 00 00 00
 (1791045185.355032)  vcan0  558   [4]  00 00 00 01
 (1791045186.355036)  vcan0  558   [4]  00 00 00 02
 (1791045187.351126)  vcan0  7E0   [8]  02 3E 00 00 00 00 00 00
 (1791045187.353037)  vcan0  7E8   [8]  02 7E 00 CC CC CC CC CC
 (1791045187.353179)  vcan0  7DF   [8]  02 3E 80 00 00 00 00 00
 (1791045187.353451)  vcan0  7E0   [8]  03 22 F1 00 00 00 00 00
 (1791045187.355030)  vcan0  558   [4]  00 00 00 03
 (1791045187.355038)  vcan0  7E8   [8]  03 7F 22 31 CC CC CC CC
 (1791045188.355033)  vcan0  558   [4]  00 00 00 04
 (1791045189.353952)  vcan0  7DF   [8]  02 3E 80 00 00 00 00 00
 (1791045189.355029)  vcan0  558   [4]  00 00 00 05
 (1791045190.355032)  vcan0  558   [4]  00 00 00 06
 (1791045191.355023)  vcan0  7DF   [8]  02 3E 80 00 00 00 00 00
 (1791045191.355031)  vcan0  558   [4]  00 00 00 07
 (1791045192.355036)  vcan0  558   [4]  00 00 00 08
 (1791045193.355033)  vcan0  558   [4]  00 00 00 09
 (1791045193.355999)  vcan0  7DF   [8]  02 3E 80 00 00 00 00 00
 (1791045194.355044)  vcan0  558   [4]  00 00 00 0A
 (1791045195.355032)  vcan0  558   [4]  00 00 00 0B
 (1791045195.357105)  vcan0  7DF   [8]  02 3E 80 00 00 00 00 00
 (1791045196.355032)  vcan0  558   [4]  00 00 00 0C
 (1791045197.355032)  vcan0  558   [4]  00 00 00 0D
 (1791045197.358259)  vcan0  7DF   [8]  02 3E 80 00 00 00 00 00
 (1791045198.355032)  vcan0  558   [4]  00 00 00 0E
 (1791045199.355034)  vcan0  558   [4]  00 00 00 0F
 (1791045199.358717)  vcan0  7DF   [8]  02 3E 80 00 00 00 00 00
 (1791045200.355033)  vcan0  558   [4]  00 00 00 10
 (1791045201.355033)  vcan0  558   [4]  00 00 00 11
 (1791045201.361770)  vcan0  7DF   [8]  02 3E 80 00 00 00 00 00
 (1791045202.355034)  vcan0  558   [4]  00 00 00 12
 (1791045202.843067)  vcan0  7E0   [8]  03 19 02 FF 00 00 00 00
 (1791045202.845030)  vcan0  7E8   [8]  07 59 02 FF 12 34 56 09
 (1791045203.355032)  vcan0  558   [4]  00 00 00 13
 (1791045203.362942)  vcan0  7DF   [8]  02 3E 80 00 00 00 00 00
 (1791045204.355033)  vcan0  558   [4]  00 00 00 14
 (1791045205.355034)  vcan0  558   [4]  00 00 00 15
 (1791045205.363940)  vcan0  7DF   [8]  02 3E 80 00 00 00 00 00
 (1791045206.355031)  vcan0  558   [4]  00 00 00 16
 (1791045207.355033)  vcan0  558   [4]  00 00 00 17
 (1791045207.365056)  vcan0  7DF   [8]  02 3E 80 00 00 00 00 00
 (1791045207.715434)  vcan0  7E0   [8]  03 22 F1 00 00 00 00 00
 (1791045207.717035)  vcan0  7E8   [8]  03 7F 22 31 CC CC CC CC
 (1791045207.724032)  vcan0  7E0   [8]  03 22 CF 01 00 00 00 00
 (1791045207.725029)  vcan0  7E8   [8]  10 1B 62 CF 01 01 02 00
 (1791045207.725048)  vcan0  7E0   [8]  30 00 00 00 00 00 00 00
 (1791045207.727028)  vcan0  7E8   [8]  21 02 22 02 16 0F 01 00
 (1791045207.727039)  vcan0  7E8   [8]  22 00 6D 2F 00 00 01 06
 (1791045207.727050)  vcan0  7E8   [8]  23 00 00 8F E0 00 00 01
 (1791045207.733791)  vcan0  7E0   [8]  03 22 CF 12 00 00 00 00
 (1791045207.735032)  vcan0  7E8   [8]  03 7F 22 31 CC CC CC CC
 (1791045207.741778)  vcan0  7E0   [8]  03 22 CF 02 00 00 00 00
 (1791045207.743029)  vcan0  7E8   [8]  07 62 CF 02 00 00 00 02
 (1791045208.355032)  vcan0  558   [4]  00 00 00 18
 (1791045209.355032)  vcan0  558   [4]  00 00 00 19
 (1791045210.355033)  vcan0  558   [4]  00 00 00 1A
 (1791045211.355032)  vcan0  558   [4]  00 00 00 1B
